Debug: Discovered 212 processes
Debug: Checking instance nc-1648654 cmd=nc cwd=/home/coenraad
    Debug: Checking port 9001 -> YES
Debug: Checking instance nc-1648765 cmd=nc cwd=/home/coenraad
    Debug: Checking port 9002 -> NO
Debug: Checking instance qemu1 cmd=qemu-system-x86_64 cwd=/home/coenraad/vibeprocess/vp
Debug: Checking instance qemu2 cmd=qemu-system-x86_64 cwd=/home/coenraad/vibeprocess/vp
Debug: Checking instance qemu3 cmd=qemu-system-x86_64 cwd=/home/coenraad/vibeprocess/vp
Debug: Checking instance qemu4 cmd=qemu-system-x86_64 cwd=/home/coenraad/vibeprocess/vp-c
Debug: Checking instance qemu5 cmd=qemu-system-x86_64 cwd=/home/coenraad/vibeprocess/vp-c
Debug: Checking instance test-instance cmd=node cwd=/home/coenraad/vibeprocess/vp-c
Debug: Checking instance test-sleep cmd=sleep cwd=
Debug: Checking instance test1 cmd=postgres cwd=/home/coenraad/vibeprocess/vp-c
Debug: Checking instance vp-55062 cmd=vp cwd=/home/coenraad/vibeprocess/vp-c
    Debug: Checking port 8080 -> NO
NAME                STATUS    PID     CPU TIME    COMMAND                                 RESOURCES
nc-1648654          stopped   0       -           nc                                      tcpport=9001 workdir=/home/coenraad 
nc-1648765          stopped   0       -           nc                                      tcpport=9002 workdir=/home/coenraad 
qemu1               stopped   0       -           qemu-system-x86_64 -vnc :5900 -serial...serialport=9600 vncport=5900 
qemu2               stopped   0       -           qemu-system-x86_64 -vnc :5901 -serial...serialport=9601 vncport=5901 
qemu3               stopped   0       -           qemu-system-x86_64 -vnc :5902 -serial...serialport=9602 vncport=5902 
qemu4               stopped   0       -           qemu-system-x86_64 -vnc :5903 -serial...serialport=9603 vncport=5903 
qemu5               stopped   0       -           qemu-system-x86_64 -vnc :5904 -serial...serialport=9604 vncport=5904 
test-instance       stopped   0       -           node server.js --port 3000              tcpport=3000 
test-sleep          stopped   0       -           sleep 300                               
test1               stopped   0       -           postgres -D /tmp/pgdata -p 3003         datadir=/tmp/pgdata tcpport=3003 
vp-55062            stopped   0       -           ./vp                                    tcpport=8080 workdir=/home/coenraad/vibeprocess/vp-c 
